[     500ms] [LOG] %c Console Ninja extension is connected to Vite, background: rgb(30,30,30); color: rgb(255,213,92) see https://tinyurl.com/2vt8jxzw for more info. @ :0
[   12057ms] [WARNING] rotationZ not eligible for reset. Try splitting into individual properties @ http://localhost:5173/node_modules/.vite/deps/gsap.js?v=f9c09ba0:88
[   12065ms] [WARNING] rotationZ not eligible for reset. Try splitting into individual properties @ http://localhost:5173/node_modules/.vite/deps/gsap.js?v=f9c09ba0:88
[   12073ms] [WARNING] rotationZ not eligible for reset. Try splitting into individual properties @ http://localhost:5173/node_modules/.vite/deps/gsap.js?v=f9c09ba0:88
[   12082ms] [WARNING] rotationZ not eligible for reset. Try splitting into individual properties @ http://localhost:5173/node_modules/.vite/deps/gsap.js?v=f9c09ba0:88
[   12091ms] [WARNING] rotationZ not eligible for reset. Try splitting into individual properties @ http://localhost:5173/node_modules/.vite/deps/gsap.js?v=f9c09ba0:88
[   12098ms] [WARNING] rotationZ not eligible for reset. Try splitting into individual properties @ http://localhost:5173/node_modules/.vite/deps/gsap.js?v=f9c09ba0:88
[   12107ms] [WARNING] rotationZ not eligible for reset. Try splitting into individual properties @ http://localhost:5173/node_modules/.vite/deps/gsap.js?v=f9c09ba0:88
[   12115ms] [WARNING] rotationZ not eligible for reset. Try splitting into individual properties @ http://localhost:5173/node_modules/.vite/deps/gsap.js?v=f9c09ba0:88
[   12123ms] [WARNING] rotationZ not eligible for reset. Try splitting into individual properties @ http://localhost:5173/node_modules/.vite/deps/gsap.js?v=f9c09ba0:88
[   12131ms] [WARNING] rotationZ not eligible for reset. Try splitting into individual properties @ http://localhost:5173/node_modules/.vite/deps/gsap.js?v=f9c09ba0:88
[   12140ms] [WARNING] rotationZ not eligible for reset. Try splitting into individual properties @ http://localhost:5173/node_modules/.vite/deps/gsap.js?v=f9c09ba0:88
[   12148ms] [WARNING] rotationZ not eligible for reset. Try splitting into individual properties @ http://localhost:5173/node_modules/.vite/deps/gsap.js?v=f9c09ba0:88
[   12156ms] [WARNING] rotationZ not eligible for reset. Try splitting into individual properties @ http://localhost:5173/node_modules/.vite/deps/gsap.js?v=f9c09ba0:88
[   12173ms] [WARNING] rotationZ not eligible for reset. Try splitting into individual properties @ http://localhost:5173/node_modules/.vite/deps/gsap.js?v=f9c09ba0:88
[   12181ms] [WARNING] rotationZ not eligible for reset. Try splitting into individual properties @ http://localhost:5173/node_modules/.vite/deps/gsap.js?v=f9c09ba0:88
[   12189ms] [WARNING] rotationZ not eligible for reset. Try splitting into individual properties @ http://localhost:5173/node_modules/.vite/deps/gsap.js?v=f9c09ba0:88
[   12198ms] [WARNING] rotationZ not eligible for reset. Try splitting into individual properties @ http://localhost:5173/node_modules/.vite/deps/gsap.js?v=f9c09ba0:88
[   12206ms] [WARNING] rotationZ not eligible for reset. Try splitting into individual properties @ http://localhost:5173/node_modules/.vite/deps/gsap.js?v=f9c09ba0:88
[   12215ms] [WARNING] rotationZ not eligible for reset. Try splitting into individual properties @ http://localhost:5173/node_modules/.vite/deps/gsap.js?v=f9c09ba0:88
[   12223ms] [WARNING] rotationZ not eligible for reset. Try splitting into individual properties @ http://localhost:5173/node_modules/.vite/deps/gsap.js?v=f9c09ba0:88
[   12231ms] [WARNING] rotationZ not eligible for reset. Try splitting into individual properties @ http://localhost:5173/node_modules/.vite/deps/gsap.js?v=f9c09ba0:88
[   12239ms] [WARNING] rotationZ not eligible for reset. Try splitting into individual properties @ http://localhost:5173/node_modules/.vite/deps/gsap.js?v=f9c09ba0:88
[   12248ms] [WARNING] rotationZ not eligible for reset. Try splitting into individual properties @ http://localhost:5173/node_modules/.vite/deps/gsap.js?v=f9c09ba0:88
[   12256ms] [WARNING] rotationZ not eligible for reset. Try splitting into individual properties @ http://localhost:5173/node_modules/.vite/deps/gsap.js?v=f9c09ba0:88
[   12264ms] [WARNING] rotationZ not eligible for reset. Try splitting into individual properties @ http://localhost:5173/node_modules/.vite/deps/gsap.js?v=f9c09ba0:88
[   12273ms] [WARNING] rotationZ not eligible for reset. Try splitting into individual properties @ http://localhost:5173/node_modules/.vite/deps/gsap.js?v=f9c09ba0:88
[   12281ms] [WARNING] rotationZ not eligible for reset. Try splitting into individual properties @ http://localhost:5173/node_modules/.vite/deps/gsap.js?v=f9c09ba0:88
[   12289ms] [WARNING] rotationZ not eligible for reset. Try splitting into individual properties @ http://localhost:5173/node_modules/.vite/deps/gsap.js?v=f9c09ba0:88
[   12298ms] [WARNING] rotationZ not eligible for reset. Try splitting into individual properties @ http://localhost:5173/node_modules/.vite/deps/gsap.js?v=f9c09ba0:88
[   12306ms] [WARNING] rotationZ not eligible for reset. Try splitting into individual properties @ http://localhost:5173/node_modules/.vite/deps/gsap.js?v=f9c09ba0:88
[   12315ms] [WARNING] rotationZ not eligible for reset. Try splitting into individual properties @ http://localhost:5173/node_modules/.vite/deps/gsap.js?v=f9c09ba0:88
[   12323ms] [WARNING] rotationZ not eligible for reset. Try splitting into individual properties @ http://localhost:5173/node_modules/.vite/deps/gsap.js?v=f9c09ba0:88
[   12331ms] [WARNING] rotationZ not eligible for reset. Try splitting into individual properties @ http://localhost:5173/node_modules/.vite/deps/gsap.js?v=f9c09ba0:88
[   12340ms] [WARNING] rotationZ not eligible for reset. Try splitting into individual properties @ http://localhost:5173/node_modules/.vite/deps/gsap.js?v=f9c09ba0:88
[   12348ms] [WARNING] rotationZ not eligible for reset. Try splitting into individual properties @ http://localhost:5173/node_modules/.vite/deps/gsap.js?v=f9c09ba0:88
[   12357ms] [WARNING] rotationZ not eligible for reset. Try splitting into individual properties @ http://localhost:5173/node_modules/.vite/deps/gsap.js?v=f9c09ba0:88
[   12373ms] [WARNING] rotationZ not eligible for reset. Try splitting into individual properties @ http://localhost:5173/node_modules/.vite/deps/gsap.js?v=f9c09ba0:88
[   12382ms] [WARNING] rotationZ not eligible for reset. Try splitting into individual properties @ http://localhost:5173/node_modules/.vite/deps/gsap.js?v=f9c09ba0:88
[   12390ms] [WARNING] rotationZ not eligible for reset. Try splitting into individual properties @ http://localhost:5173/node_modules/.vite/deps/gsap.js?v=f9c09ba0:88
[   12398ms] [WARNING] rotationZ not eligible for reset. Try splitting into individual properties @ http://localhost:5173/node_modules/.vite/deps/gsap.js?v=f9c09ba0:88
[   12482ms] [WARNING] rotationZ not eligible for reset. Try splitting into individual properties @ http://localhost:5173/node_modules/.vite/deps/gsap.js?v=f9c09ba0:88
[   12506ms] [WARNING] rotationZ not eligible for reset. Try splitting into individual properties @ http://localhost:5173/node_modules/.vite/deps/gsap.js?v=f9c09ba0:88
[   12531ms] [WARNING] rotationZ not eligible for reset. Try splitting into individual properties @ http://localhost:5173/node_modules/.vite/deps/gsap.js?v=f9c09ba0:88
[   12540ms] [WARNING] rotationZ not eligible for reset. Try splitting into individual properties @ http://localhost:5173/node_modules/.vite/deps/gsap.js?v=f9c09ba0:88
[   12556ms] [WARNING] rotationZ not eligible for reset. Try splitting into individual properties @ http://localhost:5173/node_modules/.vite/deps/gsap.js?v=f9c09ba0:88
[   12564ms] [WARNING] rotationZ not eligible for reset. Try splitting into individual properties @ http://localhost:5173/node_modules/.vite/deps/gsap.js?v=f9c09ba0:88
[   12572ms] [WARNING] rotationZ not eligible for reset. Try splitting into individual properties @ http://localhost:5173/node_modules/.vite/deps/gsap.js?v=f9c09ba0:88
[   12581ms] [WARNING] rotationZ not eligible for reset. Try splitting into individual properties @ http://localhost:5173/node_modules/.vite/deps/gsap.js?v=f9c09ba0:88
[   12590ms] [WARNING] rotationZ not eligible for reset. Try splitting into individual properties @ http://localhost:5173/node_modules/.vite/deps/gsap.js?v=f9c09ba0:88
[   12598ms] [WARNING] rotationZ not eligible for reset. Try splitting into individual properties @ http://localhost:5173/node_modules/.vite/deps/gsap.js?v=f9c09ba0:88
[   12607ms] [WARNING] rotationZ not eligible for reset. Try splitting into individual properties @ http://localhost:5173/node_modules/.vite/deps/gsap.js?v=f9c09ba0:88
[   12615ms] [WARNING] rotationZ not eligible for reset. Try splitting into individual properties @ http://localhost:5173/node_modules/.vite/deps/gsap.js?v=f9c09ba0:88
[   12623ms] [WARNING] rotationZ not eligible for reset. Try splitting into individual properties @ http://localhost:5173/node_modules/.vite/deps/gsap.js?v=f9c09ba0:88
[   12632ms] [WARNING] rotationZ not eligible for reset. Try splitting into individual properties @ http://localhost:5173/node_modules/.vite/deps/gsap.js?v=f9c09ba0:88
[   12640ms] [WARNING] rotationZ not eligible for reset. Try splitting into individual properties @ http://localhost:5173/node_modules/.vite/deps/gsap.js?v=f9c09ba0:88
[   12657ms] [WARNING] rotationZ not eligible for reset. Try splitting into individual properties @ http://localhost:5173/node_modules/.vite/deps/gsap.js?v=f9c09ba0:88
[   12665ms] [WARNING] rotationZ not eligible for reset. Try splitting into individual properties @ http://localhost:5173/node_modules/.vite/deps/gsap.js?v=f9c09ba0:88
[   12673ms] [WARNING] rotationZ not eligible for reset. Try splitting into individual properties @ http://localhost:5173/node_modules/.vite/deps/gsap.js?v=f9c09ba0:88
[   12682ms] [WARNING] rotationZ not eligible for reset. Try splitting into individual properties @ http://localhost:5173/node_modules/.vite/deps/gsap.js?v=f9c09ba0:88
[   12690ms] [WARNING] rotationZ not eligible for reset. Try splitting into individual properties @ http://localhost:5173/node_modules/.vite/deps/gsap.js?v=f9c09ba0:88
[   12698ms] [WARNING] rotationZ not eligible for reset. Try splitting into individual properties @ http://localhost:5173/node_modules/.vite/deps/gsap.js?v=f9c09ba0:88
[   12707ms] [WARNING] rotationZ not eligible for reset. Try splitting into individual properties @ http://localhost:5173/node_modules/.vite/deps/gsap.js?v=f9c09ba0:88
[   12715ms] [WARNING] rotationZ not eligible for reset. Try splitting into individual properties @ http://localhost:5173/node_modules/.vite/deps/gsap.js?v=f9c09ba0:88
[   12723ms] [WARNING] rotationZ not eligible for reset. Try splitting into individual properties @ http://localhost:5173/node_modules/.vite/deps/gsap.js?v=f9c09ba0:88
[   12732ms] [WARNING] rotationZ not eligible for reset. Try splitting into individual properties @ http://localhost:5173/node_modules/.vite/deps/gsap.js?v=f9c09ba0:88
[   12740ms] [WARNING] rotationZ not eligible for reset. Try splitting into individual properties @ http://localhost:5173/node_modules/.vite/deps/gsap.js?v=f9c09ba0:88
[   12748ms] [WARNING] rotationZ not eligible for reset. Try splitting into individual properties @ http://localhost:5173/node_modules/.vite/deps/gsap.js?v=f9c09ba0:88
[   12757ms] [WARNING] rotationZ not eligible for reset. Try splitting into individual properties @ http://localhost:5173/node_modules/.vite/deps/gsap.js?v=f9c09ba0:88
[   12765ms] [WARNING] rotationZ not eligible for reset. Try splitting into individual properties @ http://localhost:5173/node_modules/.vite/deps/gsap.js?v=f9c09ba0:88
[   12790ms] [WARNING] rotationZ not eligible for reset. Try splitting into individual properties @ http://localhost:5173/node_modules/.vite/deps/gsap.js?v=f9c09ba0:88
[   12807ms] [WARNING] rotationZ not eligible for reset. Try splitting into individual properties @ http://localhost:5173/node_modules/.vite/deps/gsap.js?v=f9c09ba0:88
[   12815ms] [WARNING] rotationZ not eligible for reset. Try splitting into individual properties @ http://localhost:5173/node_modules/.vite/deps/gsap.js?v=f9c09ba0:88
[   12832ms] [WARNING] rotationZ not eligible for reset. Try splitting into individual properties @ http://localhost:5173/node_modules/.vite/deps/gsap.js?v=f9c09ba0:88
[   12840ms] [WARNING] rotationZ not eligible for reset. Try splitting into individual properties @ http://localhost:5173/node_modules/.vite/deps/gsap.js?v=f9c09ba0:88
[   12865ms] [WARNING] rotationZ not eligible for reset. Try splitting into individual properties @ http://localhost:5173/node_modules/.vite/deps/gsap.js?v=f9c09ba0:88
[   12874ms] [WARNING] rotationZ not eligible for reset. Try splitting into individual properties @ http://localhost:5173/node_modules/.vite/deps/gsap.js?v=f9c09ba0:88
[   12907ms] [WARNING] rotationZ not eligible for reset. Try splitting into individual properties @ http://localhost:5173/node_modules/.vite/deps/gsap.js?v=f9c09ba0:88
[   12923ms] [WARNING] rotationZ not eligible for reset. Try splitting into individual properties @ http://localhost:5173/node_modules/.vite/deps/gsap.js?v=f9c09ba0:88
[   12948ms] [WARNING] rotationZ not eligible for reset. Try splitting into individual properties @ http://localhost:5173/node_modules/.vite/deps/gsap.js?v=f9c09ba0:88
[   12957ms] [WARNING] rotationZ not eligible for reset. Try splitting into individual properties @ http://localhost:5173/node_modules/.vite/deps/gsap.js?v=f9c09ba0:88
[   12965ms] [WARNING] rotationZ not eligible for reset. Try splitting into individual properties @ http://localhost:5173/node_modules/.vite/deps/gsap.js?v=f9c09ba0:88
[   12973ms] [WARNING] rotationZ not eligible for reset. Try splitting into individual properties @ http://localhost:5173/node_modules/.vite/deps/gsap.js?v=f9c09ba0:88
[   12982ms] [WARNING] rotationZ not eligible for reset. Try splitting into individual properties @ http://localhost:5173/node_modules/.vite/deps/gsap.js?v=f9c09ba0:88
[   13006ms] [WARNING] rotationZ not eligible for reset. Try splitting into individual properties @ http://localhost:5173/node_modules/.vite/deps/gsap.js?v=f9c09ba0:88
[   13023ms] [WARNING] rotationZ not eligible for reset. Try splitting into individual properties @ http://localhost:5173/node_modules/.vite/deps/gsap.js?v=f9c09ba0:88
[   13048ms] [WARNING] rotationZ not eligible for reset. Try splitting into individual properties @ http://localhost:5173/node_modules/.vite/deps/gsap.js?v=f9c09ba0:88
[   13056ms] [WARNING] rotationZ not eligible for reset. Try splitting into individual properties @ http://localhost:5173/node_modules/.vite/deps/gsap.js?v=f9c09ba0:88
[   13065ms] [WARNING] rotationZ not eligible for reset. Try splitting into individual properties @ http://localhost:5173/node_modules/.vite/deps/gsap.js?v=f9c09ba0:88
[   13073ms] [WARNING] rotationZ not eligible for reset. Try splitting into individual properties @ http://localhost:5173/node_modules/.vite/deps/gsap.js?v=f9c09ba0:88
[   13081ms] [WARNING] rotationZ not eligible for reset. Try splitting into individual properties @ http://localhost:5173/node_modules/.vite/deps/gsap.js?v=f9c09ba0:88
[   13090ms] [WARNING] rotationZ not eligible for reset. Try splitting into individual properties @ http://localhost:5173/node_modules/.vite/deps/gsap.js?v=f9c09ba0:88
[   13098ms] [WARNING] rotationZ not eligible for reset. Try splitting into individual properties @ http://localhost:5173/node_modules/.vite/deps/gsap.js?v=f9c09ba0:88
[   13107ms] [WARNING] rotationZ not eligible for reset. Try splitting into individual properties @ http://localhost:5173/node_modules/.vite/deps/gsap.js?v=f9c09ba0:88
[   13115ms] [WARNING] rotationZ not eligible for reset. Try splitting into individual properties @ http://localhost:5173/node_modules/.vite/deps/gsap.js?v=f9c09ba0:88
[   13123ms] [WARNING] rotationZ not eligible for reset. Try splitting into individual properties @ http://localhost:5173/node_modules/.vite/deps/gsap.js?v=f9c09ba0:88
[   13132ms] [WARNING] rotationZ not eligible for reset. Try splitting into individual properties @ http://localhost:5173/node_modules/.vite/deps/gsap.js?v=f9c09ba0:88
[   13140ms] [WARNING] rotationZ not eligible for reset. Try splitting into individual properties @ http://localhost:5173/node_modules/.vite/deps/gsap.js?v=f9c09ba0:88
[   13148ms] [WARNING] rotationZ not eligible for reset. Try splitting into individual properties @ http://localhost:5173/node_modules/.vite/deps/gsap.js?v=f9c09ba0:88
[   13156ms] [WARNING] rotationZ not eligible for reset. Try splitting into individual properties @ http://localhost:5173/node_modules/.vite/deps/gsap.js?v=f9c09ba0:88
[   13165ms] [WARNING] rotationZ not eligible for reset. Try splitting into individual properties @ http://localhost:5173/node_modules/.vite/deps/gsap.js?v=f9c09ba0:88
[   13173ms] [WARNING] rotationZ not eligible for reset. Try splitting into individual properties @ http://localhost:5173/node_modules/.vite/deps/gsap.js?v=f9c09ba0:88
[   13181ms] [WARNING] rotationZ not eligible for reset. Try splitting into individual properties @ http://localhost:5173/node_modules/.vite/deps/gsap.js?v=f9c09ba0:88
[   13189ms] [WARNING] rotationZ not eligible for reset. Try splitting into individual properties @ http://localhost:5173/node_modules/.vite/deps/gsap.js?v=f9c09ba0:88
[   13197ms] [WARNING] rotationZ not eligible for reset. Try splitting into individual properties @ http://localhost:5173/node_modules/.vite/deps/gsap.js?v=f9c09ba0:88
[   13206ms] [WARNING] rotationZ not eligible for reset. Try splitting into individual properties @ http://localhost:5173/node_modules/.vite/deps/gsap.js?v=f9c09ba0:88
[   13214ms] [WARNING] rotationZ not eligible for reset. Try splitting into individual properties @ http://localhost:5173/node_modules/.vite/deps/gsap.js?v=f9c09ba0:88
[   13223ms] [WARNING] rotationZ not eligible for reset. Try splitting into individual properties @ http://localhost:5173/node_modules/.vite/deps/gsap.js?v=f9c09ba0:88
[   13232ms] [WARNING] rotationZ not eligible for reset. Try splitting into individual properties @ http://localhost:5173/node_modules/.vite/deps/gsap.js?v=f9c09ba0:88
[   13239ms] [WARNING] rotationZ not eligible for reset. Try splitting into individual properties @ http://localhost:5173/node_modules/.vite/deps/gsap.js?v=f9c09ba0:88
[   13247ms] [WARNING] rotationZ not eligible for reset. Try splitting into individual properties @ http://localhost:5173/node_modules/.vite/deps/gsap.js?v=f9c09ba0:88
[   13272ms] [WARNING] rotationZ not eligible for reset. Try splitting into individual properties @ http://localhost:5173/node_modules/.vite/deps/gsap.js?v=f9c09ba0:88
[   13397ms] [WARNING] rotationZ not eligible for reset. Try splitting into individual properties @ http://localhost:5173/node_modules/.vite/deps/gsap.js?v=f9c09ba0:88
[   13422ms] [WARNING] rotationZ not eligible for reset. Try splitting into individual properties @ http://localhost:5173/node_modules/.vite/deps/gsap.js?v=f9c09ba0:88
[   13755ms] [WARNING] rotationZ not eligible for reset. Try splitting into individual properties @ http://localhost:5173/node_modules/.vite/deps/gsap.js?v=f9c09ba0:88
[   18243ms] [WARNING] rotationZ not eligible for reset. Try splitting into individual properties @ http://localhost:5173/node_modules/.vite/deps/gsap.js?v=f9c09ba0:88
[   18251ms] [WARNING] rotationZ not eligible for reset. Try splitting into individual properties @ http://localhost:5173/node_modules/.vite/deps/gsap.js?v=f9c09ba0:88
[   18259ms] [WARNING] rotationZ not eligible for reset. Try splitting into individual properties @ http://localhost:5173/node_modules/.vite/deps/gsap.js?v=f9c09ba0:88
[   18263ms] [WARNING] rotationZ not eligible for reset. Try splitting into individual properties @ http://localhost:5173/node_modules/.vite/deps/gsap.js?v=f9c09ba0:88
[   21767ms] [LOG] %c Console Ninja extension is connected to Vite, background: rgb(30,30,30); color: rgb(255,213,92) see https://tinyurl.com/2vt8jxzw for more info. @ :0
[   36811ms] [ERROR] Failed to load resource: the server responded with a status of 404 (Not Found) @ http://localhost:5173/favicon.ico:0
[  202138ms] [LOG] %c Console Ninja extension is connected to Vite, background: rgb(30,30,30); color: rgb(255,213,92) see https://tinyurl.com/2vt8jxzw for more info. @ :0
[  234867ms] [LOG] %c Console Ninja extension is connected to Vite, background: rgb(30,30,30); color: rgb(255,213,92) see https://tinyurl.com/2vt8jxzw for more info. @ :0
[  339982ms] [LOG] %c Console Ninja extension is connected to Vite, background: rgb(30,30,30); color: rgb(255,213,92) see https://tinyurl.com/2vt8jxzw for more info. @ :0
[  444330ms] [LOG] %c Console Ninja extension is connected to Vite, background: rgb(30,30,30); color: rgb(255,213,92) see https://tinyurl.com/2vt8jxzw for more info. @ :0
[  617254ms] [LOG] %c Console Ninja extension is connected to Vite, background: rgb(30,30,30); color: rgb(255,213,92) see https://tinyurl.com/2vt8jxzw for more info. @ :0
[  617759ms] [LOG] %c Console Ninja extension is connected to Vite, background: rgb(30,30,30); color: rgb(255,213,92) see https://tinyurl.com/2vt8jxzw for more info. @ :0
[  743812ms] [LOG] %c Console Ninja extension is connected to Vite, background: rgb(30,30,30); color: rgb(255,213,92) see https://tinyurl.com/2vt8jxzw for more info. @ :0
[  956276ms] [LOG] %c Console Ninja extension is connected to Vite, background: rgb(30,30,30); color: rgb(255,213,92) see https://tinyurl.com/2vt8jxzw for more info. @ :0
[  973109ms] [LOG] %c Console Ninja extension is connected to Vite, background: rgb(30,30,30); color: rgb(255,213,92) see https://tinyurl.com/2vt8jxzw for more info. @ :0
[ 1054954ms] [LOG] %c Console Ninja extension is connected to Vite, background: rgb(30,30,30); color: rgb(255,213,92) see https://tinyurl.com/2vt8jxzw for more info. @ :0
[ 1081111ms] [LOG] %c Console Ninja extension is connected to Vite, background: rgb(30,30,30); color: rgb(255,213,92) see https://tinyurl.com/2vt8jxzw for more info. @ :0
[ 1108286ms] [LOG] %c Console Ninja extension is connected to Vite, background: rgb(30,30,30); color: rgb(255,213,92) see https://tinyurl.com/2vt8jxzw for more info. @ :0
[ 1180121ms] [LOG] %c Console Ninja extension is connected to Vite, background: rgb(30,30,30); color: rgb(255,213,92) see https://tinyurl.com/2vt8jxzw for more info. @ :0
[ 1190144ms] [LOG] %c Console Ninja extension is connected to Vite, background: rgb(30,30,30); color: rgb(255,213,92) see https://tinyurl.com/2vt8jxzw for more info. @ :0
[ 1232786ms] [LOG] %c Console Ninja extension is connected to Vite, background: rgb(30,30,30); color: rgb(255,213,92) see https://tinyurl.com/2vt8jxzw for more info. @ :0
